19 24 42
0 1 0.000000000000 0.000000000000
1 -1 0.000000000000 1.000000000000
2 -1 -0.866025403784 0.500000000000
3 -1 -0.866025403784 -0.500000000000
4 -1 0.000000000000 -1.000000000000
5 -1 0.866025403784 -0.500000000000
6 -1 0.866025403784 0.500000000000
7 2 0.000000000000 0.666666666667
8 2 -0.288675134595 0.166666666667
9 2 -0.577350269190 -0.333333333333
10 2 0.000000000000 -0.333333333333
11 2 0.577350269190 -0.333333333333
12 2 0.288675134595 0.166666666667
13 -1 -0.577350269190 0.666666666667
14 -1 0.577350269190 0.666666666667
15 -1 -0.866025403784 0.166666666667
16 -1 -0.288675134595 -0.833333333333
17 -1 0.288675134595 -0.833333333333
18 -1 0.866025403784 0.166666666667
0 1 0 7 0 1
1 2 1 7 2 3
2 2 0 8 4 0
3 1 2 8 5 6
4 1 0 9 7 4
5 2 3 9 8 9
6 2 0 10 10 7
7 1 4 10 11 12
8 1 0 11 13 10
9 2 5 11 14 15
10 2 0 12 1 13
11 1 6 12 16 17
12 2 7 8 0 18
13 2 8 9 4 19
14 2 9 10 7 20
15 2 10 11 10 21
16 2 11 12 13 22
17 2 12 7 1 23
18 1 1 13 3 -1
19 2 2 13 5 -1
20 1 1 14 2 -1
21 2 6 14 17 -1
22 2 13 7 3 18
23 2 7 14 2 23
24 2 2 15 6 -1
25 1 3 15 8 -1
26 2 15 8 6 19
27 2 8 13 5 18
28 1 3 16 9 -1
29 2 4 16 11 -1
30 2 16 9 9 20
31 2 9 15 8 19
32 2 4 17 12 -1
33 1 5 17 14 -1
34 2 10 16 11 20
35 2 17 10 12 21
36 1 5 18 15 -1
37 2 6 18 16 -1
38 2 18 11 15 22
39 2 11 17 14 21
40 2 14 12 17 23
41 2 12 18 16 22
