[[ 2.43112710e-15]
 [-2.69932501e-15]
 [ 7.73275079e-02]
 [ 7.97261712e-02]
 [-2.47532960e-03]
 [-9.69019422e-03]
 [-9.69019422e-03]
 [-2.47532960e-03]
 [ 9.53436276e-02]
 [ 9.53436278e-02]
 [-1.39250867e-03]
 [-5.80491919e-03]
 [-5.80491919e-03]
 [-1.39250867e-03]
 [ 8.78598047e-02]
 [ 8.72624267e-02]
 [ 4.96673920e-02]
 [ 4.96673920e-02]
 [ 3.64843335e-02]
 [ 1.53905042e-01]
 [ 5.42679914e-02]
 [ 1.55340918e-01]
 [ 4.69838803e-02]
 [ 1.61607499e-01]
 [ 7.91795110e-02]
 [ 7.91795110e-02]
 [ 7.91795257e-02]
 [ 3.75403914e-03]
 [ 7.97261712e-02]
 [ 1.17950610e-01]
 [ 1.17950610e-01]
 [-5.51934910e-03]
 [ 7.73275079e-02]
 [ 5.00219188e-02]
 [ 9.81713098e-02]
 [ 9.81713098e-02]
 [ 8.99108394e-02]
 [ 1.15832188e-01]
 [ 2.02336361e-01]
 [ 7.91795123e-02]
 [-5.51934910e-03]
 [ 1.56208582e-01]
 [-1.83808847e-04]
 [ 1.67582340e-02]
 [ 1.67582340e-02]
 [-1.83808847e-04]
 [ 1.28740944e-01]
 [ 1.30155547e-01]
 [ 9.53436276e-02]
 [ 1.13528826e-01]
 [ 1.28740946e-01]
 [ 1.30155552e-01]
 [ 9.56298289e-02]
 [ 1.30155547e-01]
 [ 9.56298289e-02]
 [ 1.89973242e-01]
 [ 1.89973480e-01]
 [ 9.53436278e-02]
 [ 1.33421499e-01]
 [ 1.33421499e-01]
 [-1.66254041e-03]
 [ 9.56298393e-02]
 [ 1.97908277e-01]
 [ 1.29584399e-01]
 [-1.66254041e-03]
 [ 1.26610988e-01]
 [ 3.34635713e-03]
 [ 7.74029268e-02]
 [ 7.74029268e-02]
 [ 3.34635713e-03]
 [ 1.42470678e-01]
 [ 1.11003427e-01]
 [ 8.78598047e-02]
 [ 1.26610986e-01]
 [ 1.11057093e-01]
 [ 1.11003431e-01]
 [ 8.72624267e-02]
 [ 4.96673923e-02]
 [ 8.80235857e-02]
 [ 1.11003427e-01]
 [ 8.80235857e-02]
 [ 1.69461085e-02]
 [ 1.82946091e-01]
 [ 9.05266754e-02]
 [ 9.05266754e-02]
 [ 1.74931992e-01]
 [ 1.32667764e-01]
 [ 9.05266790e-02]
 [ 5.00219188e-02]
 [ 9.81071897e-02]
 [ 4.96673923e-02]
 [ 9.05643319e-02]
 [ 8.78967249e-02]
 [ 8.78967249e-02]
 [ 9.05643441e-02]
 [ 9.81071542e-02]
 [-4.61155335e-16]
 [-1.20273830e-01]
 [-1.37726356e-01]
 [-9.69019422e-03]
 [-2.47532960e-03]
 [-1.04656371e-01]
 [-1.41494117e-01]
 [-5.80491919e-03]
 [-1.39250867e-03]
 [-1.12140194e-01]
 [-1.34750844e-01]
 [ 4.96673920e-02]
 [-3.93163483e-02]
 [-3.89097583e-02]
 [-3.95259139e-02]
 [-3.87871606e-02]
 [-3.98571463e-02]
 [-3.83924985e-02]
 [ 7.91795110e-02]
 [-3.02459657e-02]
 [-1.06676592e-01]
 [ 1.17950610e-01]
 [ 7.97261712e-02]
 [-2.05519349e-01]
 [ 7.73275079e-02]
 [-1.41227806e-01]
 [-1.06676238e-01]
 [ 9.81713098e-02]
 [ 4.12500883e-02]
 [ 2.49781627e-02]
 [ 2.48432239e-03]
 [ 2.45315463e-03]
 [ 3.16501288e-02]
 [ 4.51795102e-02]
 [-5.51934910e-03]
 [-4.37914145e-02]
 [-1.67580569e-01]
 [ 1.67582340e-02]
 [-1.83808847e-04]
 [-2.85752409e-02]
 [-1.85427994e-01]
 [ 9.53436276e-02]
 [-7.28193201e-02]
 [-7.12590556e-02]
 [-5.91044456e-02]
 [-4.60949566e-02]
 [-4.36901936e-02]
 [-5.35455082e-02]
 [-8.55507692e-02]
 [ 1.30155547e-01]
 [ 9.56298289e-02]
 [-1.00265046e-02]
 [-9.74923200e-02]
 [ 1.33421499e-01]
 [ 9.53436278e-02]
 [-2.01662543e-01]
 [ 4.36765287e-02]
 [ 6.16298294e-02]
 [ 5.49027028e-02]
 [ 3.96038441e-02]
 [ 2.02679875e-02]
 [ 2.03035153e-02]
 [-1.66254041e-03]
 [-4.03503322e-02]
 [-1.62085134e-01]
 [ 7.74029268e-02]
 [ 3.34635713e-03]
 [-5.75293211e-02]
 [-1.78080812e-01]
 [ 8.78598047e-02]
 [-4.05529684e-02]
 [-5.02692367e-02]
 [-7.33890122e-02]
 [-5.78279454e-02]
 [-5.84155354e-02]
 [-4.46590783e-02]
 [ 8.72624267e-02]
 [-1.50332608e-01]
 [-9.52103962e-02]
 [ 1.11003427e-01]
 [ 8.80235857e-02]
 [-1.70538987e-02]
 [-1.04347867e-01]
 [ 9.05266754e-02]
 [ 1.29838785e-02]
 [ 1.30028356e-02]
 [ 3.88415108e-02]
 [ 5.32641599e-02]
 [ 4.71654920e-02]
 [ 3.73736812e-02]
 [ 5.00219188e-02]
 [-5.26195597e-02]
 [ 4.96673923e-02]
 [-6.95988169e-02]
 [-1.35423856e-01]
 [ 8.78967249e-02]
 [ 2.33638639e-03]
 [ 9.60105189e-03]
 [ 1.23530098e-02]
 [ 6.07555437e-03]
 [-7.97138792e-03]
 [ 3.57306053e-04]
 [ 3.75403914e-03]
 [ 1.17950610e-01]
 [ 7.91795257e-02]
 [ 9.81713098e-02]
 [-1.10089154e-01]
 [-1.20820470e-01]
 [ 1.56208582e-01]
 [ 1.67582340e-02]
 [ 7.95288225e-02]
 [ 8.18321794e-02]
 [ 1.35993024e-02]
 [ 9.81071897e-02]
 [ 8.78967249e-02]
 [-4.37738021e-02]
 [ 6.41713106e-02]
 [ 6.41071501e-02]
 [ 1.67582340e-02]
 [ 1.28740944e-01]
 [-3.06401136e-02]
 [-2.73308995e-02]
 [ 1.30155547e-01]
 [ 1.89973242e-01]
 [-1.31491774e-02]
 [ 9.61555474e-02]
 [ 9.47409405e-02]
 [ 1.89973480e-01]
 [ 1.33421499e-01]
 [-2.09156699e-03]
 [-1.00267546e-02]
 [ 1.26610988e-01]
 [ 7.74029268e-02]
 [ 3.46157706e-02]
 [ 9.26109874e-02]
 [ 9.55843927e-02]
 [ 7.74029268e-02]
 [ 1.42470678e-01]
 [ 3.31084972e-02]
 [ 9.40935055e-03]
 [ 1.11003427e-01]
 [ 1.69461085e-02]
 [ 7.70034258e-02]
 [ 7.70570822e-02]
 [-2.47996740e-02]
 [ 1.82946091e-01]
 [ 9.05266754e-02]
 [-1.70539042e-02]
 [-2.50679599e-02]
 [ 9.05643319e-02]
 [ 8.78967249e-02]
 [ 5.65643299e-02]
 [ 5.65266759e-02]
 [-2.37152003e-02]
 [ 1.68827666e-02]
 [ 4.02999811e-02]]