61 96 156
0 1 0.000000000000 0.000000000000
1 1 0.000000000000 1.000000000000
2 1 -0.866025403784 0.500000000000
3 1 -0.866025403784 -0.500000000000
4 1 0.000000000000 -1.000000000000
5 1 0.866025403784 -0.500000000000
6 1 0.866025403784 0.500000000000
7 -1 0.000000000000 2.000000000000
8 -1 -0.866025403784 1.500000000000
9 -1 0.866025403784 1.500000000000
10 -1 -1.732050807569 1.000000000000
11 -1 -1.732050807569 0.000000000000
12 -1 -1.732050807569 -1.000000000000
13 -1 -0.866025403784 -1.500000000000
14 -1 0.000000000000 -2.000000000000
15 -1 0.866025403784 -1.500000000000
16 -1 1.732050807569 -1.000000000000
17 -1 1.732050807569 0.000000000000
18 -1 1.732050807569 1.000000000000
19 2 0.000000000000 0.666666666667
20 2 -0.288675134595 0.166666666667
21 2 -0.577350269190 -0.333333333333
22 2 0.000000000000 -0.333333333333
23 2 0.577350269190 -0.333333333333
24 2 0.288675134595 0.166666666667
25 2 0.000000000000 1.666666666667
26 2 -0.288675134595 1.166666666667
27 2 -0.577350269190 0.666666666667
28 2 0.577350269190 0.666666666667
29 2 0.288675134595 1.166666666667
30 2 -0.866025403784 1.166666666667
31 2 -1.154700538379 0.666666666667
32 2 -1.443375672974 0.166666666667
33 2 -0.866025403784 0.166666666667
34 2 -1.154700538379 -0.333333333333
35 2 -1.443375672974 -0.833333333333
36 2 -0.866025403784 -0.833333333333
37 2 -0.288675134595 -0.833333333333
38 2 -0.577350269190 -1.333333333333
39 2 0.000000000000 -1.333333333333
40 2 0.577350269190 -1.333333333333
41 2 0.288675134595 -0.833333333333
42 2 0.866025403784 0.166666666667
43 2 0.866025403784 -0.833333333333
44 2 1.443375672974 -0.833333333333
45 2 1.154700538379 -0.333333333333
46 2 0.866025403784 1.166666666667
47 2 1.443375672974 0.166666666667
48 2 1.154700538379 0.666666666667
49 -1 -0.577350269190 1.666666666667
50 -1 0.577350269190 1.666666666667
51 -1 -1.443375672974 1.166666666667
52 -1 1.443375672974 1.166666666667
53 -1 -1.732050807569 0.666666666667
54 -1 -1.732050807569 -0.333333333333
55 -1 -1.154700538379 -1.333333333333
56 -1 -0.288675134595 -1.833333333333
57 -1 0.288675134595 -1.833333333333
58 -1 1.154700538379 -1.333333333333
59 -1 1.732050807569 -0.333333333333
60 -1 1.732050807569 0.666666666667
0 1 0 19 0 1
1 2 1 19 2 3
2 2 0 20 4 0
3 1 2 20 5 6
4 1 0 21 7 4
5 2 3 21 8 9
6 2 0 22 10 7
7 1 4 22 11 12
8 1 0 23 13 10
9 2 5 23 14 15
10 2 0 24 1 13
11 1 6 24 16 17
12 2 19 20 0 18
13 2 20 21 4 19
14 2 21 22 7 20
15 2 22 23 10 21
16 2 23 24 13 22
17 2 24 19 1 23
18 1 1 25 24 25
19 2 7 25 26 27
20 2 1 26 28 24
21 1 8 26 29 30
22 1 1 27 3 28
23 2 2 27 31 5
24 1 1 28 32 2
25 2 6 28 17 33
26 2 1 29 25 32
27 1 9 29 34 35
28 2 25 26 24 36
29 2 26 27 28 37
30 2 27 19 3 18
31 2 19 28 2 23
32 2 28 29 32 38
33 2 29 25 25 39
34 1 2 30 40 31
35 2 8 30 30 41
36 2 2 31 42 40
37 1 10 31 43 44
38 1 2 32 45 42
39 2 11 32 46 47
40 2 2 33 6 45
41 1 3 33 48 8
42 2 30 31 40 49
43 2 31 32 42 50
44 2 32 33 45 51
45 2 33 20 6 19
46 2 20 27 5 18
47 2 27 30 31 37
48 2 3 34 52 48
49 1 11 34 47 53
50 1 3 35 54 52
51 2 12 35 55 56
52 2 3 36 57 54
53 1 13 36 58 59
54 1 3 37 9 57
55 2 4 37 60 11
56 2 33 34 48 51
57 2 34 35 52 61
58 2 35 36 54 62
59 2 36 37 57 63
60 2 37 21 9 20
61 2 21 33 8 19
62 1 4 38 64 60
63 2 13 38 59 65
64 2 4 39 66 64
65 1 14 39 67 68
66 1 4 40 69 66
67 2 15 40 70 71
68 2 4 41 12 69
69 1 5 41 72 14
70 2 22 37 11 20
71 2 37 38 60 63
72 2 38 39 64 73
73 2 39 40 66 74
74 2 40 41 69 75
75 2 41 22 12 21
76 1 5 42 15 76
77 2 6 42 77 16
78 2 5 43 78 72
79 1 15 43 71 79
80 1 5 44 80 78
81 2 16 44 81 82
82 2 5 45 76 80
83 1 17 45 83 84
84 2 42 23 15 22
85 2 23 41 14 21
86 2 41 43 72 75
87 2 43 44 78 85
88 2 44 45 80 86
89 2 45 42 76 87
90 1 6 46 33 88
91 2 9 46 89 34
92 1 6 47 90 77
93 2 17 47 84 91
94 2 6 48 88 90
95 1 18 48 92 93
96 2 46 28 33 38
97 2 28 24 17 23
98 2 24 42 16 22
99 2 42 47 77 87
100 2 47 48 90 94
101 2 48 46 88 95
102 1 7 49 27 -1
103 2 8 49 29 -1
104 1 7 50 26 -1
105 2 9 50 35 -1
106 2 49 25 27 36
107 2 25 50 26 39
108 1 8 51 41 -1
109 2 10 51 43 -1
110 2 51 30 41 49
111 2 30 26 30 37
112 2 26 49 29 36
113 1 9 52 89 -1
114 2 18 52 93 -1
115 2 50 29 35 39
116 2 29 46 34 38
117 2 46 52 89 95
118 2 10 53 44 -1
119 1 11 53 46 -1
120 2 53 31 44 50
121 2 31 51 43 49
122 2 11 54 53 -1
123 1 12 54 55 -1
124 2 54 34 53 61
125 2 34 32 47 51
126 2 32 53 46 50
127 1 12 55 56 -1
128 2 13 55 58 -1
129 2 55 35 56 62
130 2 35 54 55 61
131 1 13 56 65 -1
132 2 14 56 67 -1
133 2 36 55 58 62
134 2 56 38 65 73
135 2 38 36 59 63
136 2 14 57 68 -1
137 1 15 57 70 -1
138 2 39 56 67 73
139 2 57 39 68 74
140 2 15 58 79 -1
141 1 16 58 81 -1
142 2 43 40 71 75
143 2 40 57 70 74
144 2 58 43 79 85
145 1 16 59 82 -1
146 2 17 59 83 -1
147 2 59 44 82 86
148 2 44 58 81 85
149 1 17 60 91 -1
150 2 18 60 92 -1
151 2 60 47 91 94
152 2 47 45 84 87
153 2 45 59 83 86
154 2 52 48 93 95
155 2 48 60 92 94
